[INFO] Scanning for projects...
[INFO] 
[INFO] ------------------< dev.xuanji:xuanji-adapter-onebot >------------------
[INFO] Building XuanJi Adapter OneBot 1.0.0-SNAPSHOT
[INFO]   from pom.xml
[INFO] --------------------------------[ jar ]---------------------------------
[INFO] 
[INFO] --- resources:3.3.1:resources (default-resources) @ xuanji-adapter-onebot ---
[INFO] skip non existing resourceDirectory D:\Program\bot\xuanji\xuanji-adapter-onebot\src\main\resources
[INFO] skip non existing resourceDirectory D:\Program\bot\xuanji\xuanji-adapter-onebot\src\main\resources
[INFO] 
[INFO] --- compiler:3.14.1:compile (default-compile) @ xuanji-adapter-onebot ---
[INFO] Nothing to compile - all classes are up to date.
[INFO] 
[INFO] --- resources:3.3.1:testResources (default-testResources) @ xuanji-adapter-onebot ---
[INFO] skip non existing resourceDirectory D:\Program\bot\xuanji\xuanji-adapter-onebot\src\test\resources
[INFO] 
[INFO] --- compiler:3.14.1:testCompile (default-testCompile) @ xuanji-adapter-onebot ---
[INFO] Nothing to compile - all classes are up to date.
[INFO] 
[INFO] --- surefire:3.5.5:test (default-test) @ xuanji-adapter-onebot ---
[INFO] Using auto detected provider org.apache.maven.surefire.junitplatform.JUnitPlatformProvider
Downloading from alimaven: https://maven.aliyun.com/repository/central/org/apache/maven/surefire/surefire-junit-platform/3.5.5/surefire-junit-platform-3.5.5.pom
Progress (1): 5.2 kB
                    
Downloaded from alimaven: https://maven.aliyun.com/repository/central/org/apache/maven/surefire/surefire-junit-platform/3.5.5/surefire-junit-platform-3.5.5.pom (5.2 kB at 6.5 kB/s)
Downloading from alimaven: https://maven.aliyun.com/repository/central/org/apache/maven/surefire/surefire-providers/3.5.5/surefire-providers-3.5.5.pom
Progress (1): 2.5 kB
                    
Downloaded from alimaven: https://maven.aliyun.com/repository/central/org/apache/maven/surefire/surefire-providers/3.5.5/surefire-providers-3.5.5.pom (2.5 kB at 3.8 kB/s)
Downloading from alimaven: https://maven.aliyun.com/repository/central/org/apache/maven/surefire/common-java5/3.5.5/common-java5-3.5.5.pom
Progress (1): 3.1 kB
                    
Downloaded from alimaven: https://maven.aliyun.com/repository/central/org/apache/maven/surefire/common-java5/3.5.5/common-java5-3.5.5.pom (3.1 kB at 5.6 kB/s)
Downloading from alimaven: https://maven.aliyun.com/repository/central/org/junit/platform/junit-platform-engine/1.12.2/junit-platform-engine-1.12.2.pom
Progress (1): 3.2 kB
                    
Downloaded from alimaven: https://maven.aliyun.com/repository/central/org/junit/platform/junit-platform-engine/1.12.2/junit-platform-engine-1.12.2.pom (3.2 kB at 6.4 kB/s)
Downloading from alimaven: https://maven.aliyun.com/repository/central/org/junit/platform/junit-platform-commons/1.12.2/junit-platform-commons-1.12.2.pom
Progress (1): 2.8 kB
                    
Downloaded from alimaven: https://maven.aliyun.com/repository/central/org/junit/platform/junit-platform-commons/1.12.2/junit-platform-commons-1.12.2.pom (2.8 kB at 5.6 kB/s)
Downloading from alimaven: https://maven.aliyun.com/repository/central/org/junit/platform/junit-platform-launcher/1.12.2/junit-platform-launcher-1.12.2.pom
Progress (1): 1.9/3.0 kB
Progress (1): 3.0 kB    
                    
Downloaded from alimaven: https://maven.aliyun.com/repository/central/org/junit/platform/junit-platform-launcher/1.12.2/junit-platform-launcher-1.12.2.pom (3.0 kB at 9.9 kB/s)
Downloading from alimaven: https://maven.aliyun.com/repository/central/org/apache/maven/surefire/surefire-junit-platform/3.5.5/surefire-junit-platform-3.5.5.jar
Progress (1): 7.3/35 kB
Progress (1): 15/35 kB 
Progress (1): 26/35 kB
Progress (1): 31/35 kB
Progress (1): 35 kB   
                   
Downloaded from alimaven: https://maven.aliyun.com/repository/central/org/apache/maven/surefire/surefire-junit-platform/3.5.5/surefire-junit-platform-3.5.5.jar (35 kB at 45 kB/s)
Downloading from alimaven: https://maven.aliyun.com/repository/central/org/apache/maven/surefire/common-java5/3.5.5/common-java5-3.5.5.jar
Downloading from alimaven: https://maven.aliyun.com/repository/central/org/junit/platform/junit-platform-engine/1.12.2/junit-platform-engine-1.12.2.jar
Downloading from alimaven: https://maven.aliyun.com/repository/central/org/junit/platform/junit-platform-commons/1.12.2/junit-platform-commons-1.12.2.jar
Downloading from alimaven: https://maven.aliyun.com/repository/central/org/junit/platform/junit-platform-launcher/1.12.2/junit-platform-launcher-1.12.2.jar
Progress (1): 1.9/208 kB
Progress (1): 18/208 kB 
Progress (2): 18/208 kB | 7.3/152 kB
Progress (2): 18/208 kB | 15/152 kB 
Progress (2): 18/208 kB | 32/152 kB
Progress (2): 35/208 kB | 32/152 kB
Progress (3): 35/208 kB | 32/152 kB | 1.9/256 kB
Progress (3): 35/208 kB | 32/152 kB | 18/256 kB 
Progress (3): 51/208 kB | 32/152 kB | 18/256 kB
Progress (3): 51/208 kB | 48/152 kB | 18/256 kB
Progress (3): 51/208 kB | 48/152 kB | 35/256 kB
Progress (3): 67/208 kB | 48/152 kB | 35/256 kB
Progress (3): 67/208 kB | 65/152 kB | 35/256 kB
Progress (3): 84/208 kB | 65/152 kB | 35/256 kB
Progress (3): 84/208 kB | 81/152 kB | 35/256 kB
Progress (3): 84/208 kB | 81/152 kB | 51/256 kB
Progress (3): 84/208 kB | 97/152 kB | 51/256 kB
Progress (3): 84/208 kB | 97/152 kB | 67/256 kB
Progress (3): 84/208 kB | 97/152 kB | 84/256 kB
Progress (3): 100/208 kB | 97/152 kB | 84/256 kB
Progress (3): 117/208 kB | 97/152 kB | 84/256 kB
Progress (3): 117/208 kB | 114/152 kB | 84/256 kB
Progress (3): 117/208 kB | 130/152 kB | 84/256 kB
Progress (3): 117/208 kB | 130/152 kB | 100/256 kB
Progress (3): 133/208 kB | 130/152 kB | 100/256 kB
Progress (3): 133/208 kB | 146/152 kB | 100/256 kB
Progress (3): 133/208 kB | 152 kB | 100/256 kB    
Progress (3): 133/208 kB | 152 kB | 117/256 kB
Progress (3): 133/208 kB | 152 kB | 133/256 kB
Progress (3): 149/208 kB | 152 kB | 133/256 kB
Progress (3): 149/208 kB | 152 kB | 145/256 kB
Progress (3): 149/208 kB | 152 kB | 148/256 kB
Progress (3): 149/208 kB | 152 kB | 157/256 kB
Progress (3): 166/208 kB | 152 kB | 157/256 kB
Progress (3): 182/208 kB | 152 kB | 157/256 kB
Progress (3): 182/208 kB | 152 kB | 162/256 kB
Progress (3): 198/208 kB | 152 kB | 162/256 kB
Progress (3): 198/208 kB | 152 kB | 168/256 kB
Progress (3): 198/208 kB | 152 kB | 173/256 kB
Progress (3): 208 kB | 152 kB | 173/256 kB    
Progress (3): 208 kB | 152 kB | 180/256 kB
Progress (3): 208 kB | 152 kB | 184/256 kB
Progress (3): 208 kB | 152 kB | 192/256 kB
Progress (3): 208 kB | 152 kB | 200/256 kB
Progress (3): 208 kB | 152 kB | 208/256 kB
Progress (3): 208 kB | 152 kB | 215/256 kB
Progress (3): 208 kB | 152 kB | 227/256 kB
Progress (3): 208 kB | 152 kB | 238/256 kB
Progress (3): 208 kB | 152 kB | 249/256 kB
Progress (3): 208 kB | 152 kB | 256 kB    
Progress (4): 208 kB | 152 kB | 256 kB | 7.3/18 kB
Progress (4): 208 kB | 152 kB | 256 kB | 15/18 kB 
Progress (4): 208 kB | 152 kB | 256 kB | 18 kB   
                                              
Downloaded from alimaven: https://maven.aliyun.com/repository/central/org/junit/platform/junit-platform-launcher/1.12.2/junit-platform-launcher-1.12.2.jar (208 kB at 456 kB/s)
Downloaded from alimaven: https://maven.aliyun.com/repository/central/org/junit/platform/junit-platform-engine/1.12.2/junit-platform-engine-1.12.2.jar (256 kB at 541 kB/s)
Downloaded from alimaven: https://maven.aliyun.com/repository/central/org/junit/platform/junit-platform-commons/1.12.2/junit-platform-commons-1.12.2.jar (152 kB at 258 kB/s)
Downloaded from alimaven: https://maven.aliyun.com/repository/central/org/apache/maven/surefire/common-java5/3.5.5/common-java5-3.5.5.jar (18 kB at 24 kB/s)
Downloading from alimaven: https://maven.aliyun.com/repository/central/org/junit/platform/junit-platform-launcher/6.0.3/junit-platform-launcher-6.0.3.pom
Progress (1): 3.2 kB
                    
Downloaded from alimaven: https://maven.aliyun.com/repository/central/org/junit/platform/junit-platform-launcher/6.0.3/junit-platform-launcher-6.0.3.pom (3.2 kB at 5.4 kB/s)
Downloading from alimaven: https://maven.aliyun.com/repository/central/org/junit/platform/junit-platform-launcher/6.0.3/junit-platform-launcher-6.0.3.jar
Progress (1): 7.3/246 kB
Progress (1): 14/246 kB 
Progress (1): 30/246 kB
Progress (1): 46/246 kB
Progress (1): 63/246 kB
Progress (1): 79/246 kB
Progress (1): 95/246 kB
Progress (1): 112/246 kB
Progress (1): 128/246 kB
Progress (1): 145/246 kB
Progress (1): 161/246 kB
Progress (1): 177/246 kB
Progress (1): 194/246 kB
Progress (1): 210/246 kB
Progress (1): 227/246 kB
Progress (1): 243/246 kB
Progress (1): 246 kB    
                    
Downloaded from alimaven: https://maven.aliyun.com/repository/central/org/junit/platform/junit-platform-launcher/6.0.3/junit-platform-launcher-6.0.3.jar (246 kB at 565 kB/s)
[INFO] 
[INFO] -------------------------------------------------------
[INFO]  T E S T S
[INFO] -------------------------------------------------------
[INFO] Running dev.xuanji.adapter.onebot.converter.OneBotEventConverterTest
[ERROR] Tests run: 8, Failures: 0, Errors: 6, Skipped: 0, Time elapsed: 0.254 s <<< FAILURE! -- in dev.xuanji.adapter.onebot.converter.OneBotEventConverterTest
[ERROR] dev.xuanji.adapter.onebot.converter.OneBotEventConverterTest.convertGroupMessage -- Time elapsed: 0.204 s <<< ERROR!
java.lang.NoSuchMethodError: 'void dev.xuanji.api.event.BotEvent.<init>(java.lang.String, dev.xuanji.api.event.EventType, dev.xuanji.api.adapter.Bot, dev.xuanji.api.event.XuanjiUser, dev.xuanji.api.event.XuanjiGroup, dev.xuanji.api.message.MessageChain, java.lang.String, com.fasterxml.jackson.databind.JsonNode, java.lang.String, java.lang.String)'
	at dev.xuanji.adapter.onebot.converter.OneBotEventConverter.convert(OneBotEventConverter.java:62)
	at dev.xuanji.adapter.onebot.converter.OneBotEventConverterTest.convertGroupMessage(OneBotEventConverterTest.java:47)

[ERROR] dev.xuanji.adapter.onebot.converter.OneBotEventConverterTest.convertCqStringMessage -- Time elapsed: 0.003 s <<< ERROR!
java.lang.NoSuchMethodError: 'void dev.xuanji.api.event.BotEvent.<init>(java.lang.String, dev.xuanji.api.event.EventType, dev.xuanji.api.adapter.Bot, dev.xuanji.api.event.XuanjiUser, dev.xuanji.api.event.XuanjiGroup, dev.xuanji.api.message.MessageChain, java.lang.String, com.fasterxml.jackson.databind.JsonNode, java.lang.String, java.lang.String)'
	at dev.xuanji.adapter.onebot.converter.OneBotEventConverter.convert(OneBotEventConverter.java:62)
	at dev.xuanji.adapter.onebot.converter.OneBotEventConverterTest.convertCqStringMessage(OneBotEventConverterTest.java:104)

[ERROR] dev.xuanji.adapter.onebot.converter.OneBotEventConverterTest.convertRequestEvents -- Time elapsed: 0.005 s <<< ERROR!
java.lang.NoSuchMethodError: 'void dev.xuanji.api.event.BotEvent.<init>(java.lang.String, dev.xuanji.api.event.EventType, dev.xuanji.api.adapter.Bot, dev.xuanji.api.event.XuanjiUser, dev.xuanji.api.event.XuanjiGroup, dev.xuanji.api.message.MessageChain, java.lang.String, com.fasterxml.jackson.databind.JsonNode, java.lang.String, java.lang.String)'
	at dev.xuanji.adapter.onebot.converter.OneBotEventConverter.convert(OneBotEventConverter.java:62)
	at dev.xuanji.adapter.onebot.converter.OneBotEventConverterTest.convertRequestEvents(OneBotEventConverterTest.java:152)

[ERROR] dev.xuanji.adapter.onebot.converter.OneBotEventConverterTest.convertPrivateMessage -- Time elapsed: 0.001 s <<< ERROR!
java.lang.NoSuchMethodError: 'void dev.xuanji.api.event.BotEvent.<init>(java.lang.String, dev.xuanji.api.event.EventType, dev.xuanji.api.adapter.Bot, dev.xuanji.api.event.XuanjiUser, dev.xuanji.api.event.XuanjiGroup, dev.xuanji.api.message.MessageChain, java.lang.String, com.fasterxml.jackson.databind.JsonNode, java.lang.String, java.lang.String)'
	at dev.xuanji.adapter.onebot.converter.OneBotEventConverter.convert(OneBotEventConverter.java:62)
	at dev.xuanji.adapter.onebot.converter.OneBotEventConverterTest.convertPrivateMessage(OneBotEventConverterTest.java:82)

[ERROR] dev.xuanji.adapter.onebot.converter.OneBotEventConverterTest.unknownNoticeFallsBackToNamespace -- Time elapsed: 0.002 s <<< ERROR!
java.lang.NoSuchMethodError: 'void dev.xuanji.api.event.BotEvent.<init>(java.lang.String, dev.xuanji.api.event.EventType, dev.xuanji.api.adapter.Bot, dev.xuanji.api.event.XuanjiUser, dev.xuanji.api.event.XuanjiGroup, dev.xuanji.api.message.MessageChain, java.lang.String, com.fasterxml.jackson.databind.JsonNode, java.lang.String, java.lang.String)'
	at dev.xuanji.adapter.onebot.converter.OneBotEventConverter.convert(OneBotEventConverter.java:62)
	at dev.xuanji.adapter.onebot.converter.OneBotEventConverterTest.unknownNoticeFallsBackToNamespace(OneBotEventConverterTest.java:206)

[ERROR] dev.xuanji.adapter.onebot.converter.OneBotEventConverterTest.convertNoticeEvents -- Time elapsed: 0.001 s <<< ERROR!
java.lang.NoSuchMethodError: 'void dev.xuanji.api.event.BotEvent.<init>(java.lang.String, dev.xuanji.api.event.EventType, dev.xuanji.api.adapter.Bot, dev.xuanji.api.event.XuanjiUser, dev.xuanji.api.event.XuanjiGroup, dev.xuanji.api.message.MessageChain, java.lang.String, com.fasterxml.jackson.databind.JsonNode, java.lang.String, java.lang.String)'
	at dev.xuanji.adapter.onebot.converter.OneBotEventConverter.convert(OneBotEventConverter.java:62)
	at dev.xuanji.adapter.onebot.converter.OneBotEventConverterTest.convertNoticeEvents(OneBotEventConverterTest.java:121)

[INFO] Running dev.xuanji.adapter.onebot.converter.OneBotMessageConverterTest
[INFO] Tests run: 7, Failures: 0, Errors: 0, Skipped: 0, Time elapsed: 0.047 s -- in dev.xuanji.adapter.onebot.converter.OneBotMessageConverterTest
[INFO] 
[INFO] Results:
[INFO] 
[ERROR] Errors: 
[ERROR]   OneBotEventConverterTest.convertCqStringMessage:104 ? NoSuchMethod 'void dev.xuanji.api.event.BotEvent.<init>(java.lang.String, dev.xuanji.api.event.EventType, dev.xuanji.api.adapter.Bot, dev.xuanji.api.event.XuanjiUser, dev.xuanji.api.event.XuanjiGroup, dev.xuanji.api.message.MessageChain, java.lang.String, com.fasterxml.jackson.databind.JsonNode, java.lang.String, java.lang.String)'
[ERROR]   OneBotEventConverterTest.convertGroupMessage:47 ? NoSuchMethod 'void dev.xuanji.api.event.BotEvent.<init>(java.lang.String, dev.xuanji.api.event.EventType, dev.xuanji.api.adapter.Bot, dev.xuanji.api.event.XuanjiUser, dev.xuanji.api.event.XuanjiGroup, dev.xuanji.api.message.MessageChain, java.lang.String, com.fasterxml.jackson.databind.JsonNode, java.lang.String, java.lang.String)'
[ERROR]   OneBotEventConverterTest.convertNoticeEvents:121 ? NoSuchMethod 'void dev.xuanji.api.event.BotEvent.<init>(java.lang.String, dev.xuanji.api.event.EventType, dev.xuanji.api.adapter.Bot, dev.xuanji.api.event.XuanjiUser, dev.xuanji.api.event.XuanjiGroup, dev.xuanji.api.message.MessageChain, java.lang.String, com.fasterxml.jackson.databind.JsonNode, java.lang.String, java.lang.String)'
[ERROR]   OneBotEventConverterTest.convertPrivateMessage:82 ? NoSuchMethod 'void dev.xuanji.api.event.BotEvent.<init>(java.lang.String, dev.xuanji.api.event.EventType, dev.xuanji.api.adapter.Bot, dev.xuanji.api.event.XuanjiUser, dev.xuanji.api.event.XuanjiGroup, dev.xuanji.api.message.MessageChain, java.lang.String, com.fasterxml.jackson.databind.JsonNode, java.lang.String, java.lang.String)'
[ERROR]   OneBotEventConverterTest.convertRequestEvents:152 ? NoSuchMethod 'void dev.xuanji.api.event.BotEvent.<init>(java.lang.String, dev.xuanji.api.event.EventType, dev.xuanji.api.adapter.Bot, dev.xuanji.api.event.XuanjiUser, dev.xuanji.api.event.XuanjiGroup, dev.xuanji.api.message.MessageChain, java.lang.String, com.fasterxml.jackson.databind.JsonNode, java.lang.String, java.lang.String)'
[ERROR]   OneBotEventConverterTest.unknownNoticeFallsBackToNamespace:206 ? NoSuchMethod 'void dev.xuanji.api.event.BotEvent.<init>(java.lang.String, dev.xuanji.api.event.EventType, dev.xuanji.api.adapter.Bot, dev.xuanji.api.event.XuanjiUser, dev.xuanji.api.event.XuanjiGroup, dev.xuanji.api.message.MessageChain, java.lang.String, com.fasterxml.jackson.databind.JsonNode, java.lang.String, java.lang.String)'
[INFO] 
[ERROR] Tests run: 15, Failures: 0, Errors: 6, Skipped: 0
[INFO] 
[INFO] ------------------------------------------------------------------------
[INFO] BUILD FAILURE
[INFO] ------------------------------------------------------------------------
[INFO] Total time:  9.733 s
[INFO] Finished at: 2026-08-01T13:51:49+08:00
[INFO] ------------------------------------------------------------------------
[ERROR] Failed to execute goal org.apache.maven.plugins:maven-surefire-plugin:3.5.5:test (default-test) on project xuanji-adapter-onebot: 
[ERROR] 
[ERROR] See D:\Program\bot\xuanji\xuanji-adapter-onebot\target\surefire-reports for the individual test results.
[ERROR] See dump files (if any exist) [date].dump, [date]-jvmRun[N].dump and [date].dumpstream.
[ERROR] -> [Help 1]
[ERROR] 
[ERROR] To see the full stack trace of the errors, re-run Maven with the -e switch.
[ERROR] Re-run Maven using the -X switch to enable full debug logging.
[ERROR] 
[ERROR] For more information about the errors and possible solutions, please read the following articles:
[ERROR] [Help 1] http://cwiki.apache.org/confluence/display/MAVEN/MojoFailureException
